load("@bazel_tools//tools/build_defs/repo:http.bzl", "http_archive")

# rules_jvm_external - for maven dependencies
RULES_JVM_EXTERNAL_TAG = "5.1"
RULES_JVM_EXTERNAL_SHA = "8c3b207722e5f97f1c83311582a6c11df99226e65e2471086e296561e57cc954"

http_archive(
    name = "rules_jvm_external",
    sha256 = RULES_JVM_EXTERNAL_SHA,
    strip_prefix = "rules_jvm_external-{}".format(RULES_JVM_EXTERNAL_TAG),
    url = "https://github.com/bazelbuild/rules_jvm_external/releases/download/5.1/rules_jvm_external-5.1.tar.gz",
)

load("@rules_jvm_external//:defs.bzl", "maven_install")

maven_install(
    artifacts = [
        "net.java.dev.jna:jna:4.5.2",
        "com.googlecode.concurrentlinkedhashmap:concurrentlinkedhashmap-lru:1.4.5",
    ],
    repositories = [
        "https://repo1.maven.org/maven2",
    ],
)
